[INFO] Scanning for projects...
[INFO] 
[INFO] ------------------------< br.edu.ifpb:veritas >-------------------------
[INFO] Building veritas 0.0.1-SNAPSHOT
[INFO]   from pom.xml
[INFO] --------------------------------[ jar ]---------------------------------
[INFO] 
[INFO] --- resources:3.3.1:resources (default-resources) @ veritas ---
[INFO] Copying 1 resource from src\main\resources to target\classes
[INFO] Copying 25 resources from src\main\resources to target\classes
[INFO] 
[INFO] --- compiler:3.11.0:compile (default-compile) @ veritas ---
[INFO] Nothing to compile - all classes are up to date
[INFO] 
[INFO] --- resources:3.3.1:testResources (default-testResources) @ veritas ---
[INFO] skip non existing resourceDirectory C:\Users\Leidiana\Documents\PWEB2\veritas_application-camada-teste\src\test\resources
[INFO] 
[INFO] --- compiler:3.11.0:testCompile (default-testCompile) @ veritas ---
[INFO] Nothing to compile - all classes are up to date
[INFO] 
[INFO] --- surefire:3.1.2:test (default-test) @ veritas ---
[INFO] Using auto detected provider org.apache.maven.surefire.junitplatform.JUnitPlatformProvider
Downloading from central: https://repo.maven.apache.org/maven2/org/apache/maven/surefire/surefire-junit-platform/3.1.2/surefire-junit-platform-3.1.2.pom
Progress (1): 847 B
Progress (1): 2.8 kB
Progress (1): 4.7 kB
                    
Downloaded from central: https://repo.maven.apache.org/maven2/org/apache/maven/surefire/surefire-junit-platform/3.1.2/surefire-junit-platform-3.1.2.pom (4.7 kB at 3.8 kB/s)
Downloading from central: https://repo.maven.apache.org/maven2/org/apache/maven/surefire/surefire-providers/3.1.2/surefire-providers-3.1.2.pom
Progress (1): 849 B
Progress (1): 2.4 kB
Progress (1): 2.6 kB
                    
Downloaded from central: https://repo.maven.apache.org/maven2/org/apache/maven/surefire/surefire-providers/3.1.2/surefire-providers-3.1.2.pom (2.6 kB at 44 kB/s)
Downloading from central: https://repo.maven.apache.org/maven2/org/apache/maven/surefire/common-java5/3.1.2/common-java5-3.1.2.pom
Progress (1): 849 B
Progress (1): 2.1 kB
Progress (1): 2.8 kB
                    
Downloaded from central: https://repo.maven.apache.org/maven2/org/apache/maven/surefire/common-java5/3.1.2/common-java5-3.1.2.pom (2.8 kB at 38 kB/s)
Downloading from central: https://repo.maven.apache.org/maven2/org/junit/platform/junit-platform-launcher/1.9.2/junit-platform-launcher-1.9.2.pom
Progress (1): 966 B
Progress (1): 2.6 kB
Progress (1): 3.0 kB
                    
Downloaded from central: https://repo.maven.apache.org/maven2/org/junit/platform/junit-platform-launcher/1.9.2/junit-platform-launcher-1.9.2.pom (3.0 kB at 44 kB/s)
Downloading from central: https://repo.maven.apache.org/maven2/org/junit/platform/junit-platform-engine/1.9.2/junit-platform-engine-1.9.2.pom
Progress (1): 957 B
Progress (1): 2.5 kB
Progress (1): 3.2 kB
                    
Downloaded from central: https://repo.maven.apache.org/maven2/org/junit/platform/junit-platform-engine/1.9.2/junit-platform-engine-1.9.2.pom (3.2 kB at 52 kB/s)
Downloading from central: https://repo.maven.apache.org/maven2/org/opentest4j/opentest4j/1.2.0/opentest4j-1.2.0.pom
Progress (1): 1.2 kB
Progress (1): 1.7 kB
                    
Downloaded from central: https://repo.maven.apache.org/maven2/org/opentest4j/opentest4j/1.2.0/opentest4j-1.2.0.pom (1.7 kB at 27 kB/s)
Downloading from central: https://repo.maven.apache.org/maven2/org/junit/platform/junit-platform-commons/1.9.2/junit-platform-commons-1.9.2.pom
Progress (1): 971 B
Progress (1): 2.6 kB
Progress (1): 2.8 kB
                    
Downloaded from central: https://repo.maven.apache.org/maven2/org/junit/platform/junit-platform-commons/1.9.2/junit-platform-commons-1.9.2.pom (2.8 kB at 45 kB/s)
Downloading from central: https://repo.maven.apache.org/maven2/org/apache/maven/surefire/surefire-junit-platform/3.1.2/surefire-junit-platform-3.1.2.jar
Progress (1): 0.9/27 kB
Progress (1): 2.3/27 kB
Progress (1): 3.7/27 kB
Progress (1): 5.0/27 kB
Progress (1): 6.4/27 kB
Progress (1): 7.8/27 kB
Progress (1): 9.1/27 kB
Progress (1): 11/27 kB 
Progress (1): 12/27 kB
Progress (1): 13/27 kB
Progress (1): 15/27 kB
Progress (1): 16/27 kB
Progress (1): 17/27 kB
Progress (1): 19/27 kB
Progress (1): 20/27 kB
Progress (1): 21/27 kB
Progress (1): 23/27 kB
Progress (1): 24/27 kB
Progress (1): 26/27 kB
Progress (1): 27/27 kB
Progress (1): 27 kB   
                   
Downloaded from central: https://repo.maven.apache.org/maven2/org/apache/maven/surefire/surefire-junit-platform/3.1.2/surefire-junit-platform-3.1.2.jar (27 kB at 305 kB/s)
Downloading from central: https://repo.maven.apache.org/maven2/org/apache/maven/surefire/common-java5/3.1.2/common-java5-3.1.2.jar
Downloading from central: https://repo.maven.apache.org/maven2/org/junit/platform/junit-platform-launcher/1.9.2/junit-platform-launcher-1.9.2.jar
Downloading from central: https://repo.maven.apache.org/maven2/org/junit/platform/junit-platform-engine/1.9.2/junit-platform-engine-1.9.2.jar
Downloading from central: https://repo.maven.apache.org/maven2/org/opentest4j/opentest4j/1.2.0/opentest4j-1.2.0.jar
Downloading from central: https://repo.maven.apache.org/maven2/org/junit/platform/junit-platform-commons/1.9.2/junit-platform-commons-1.9.2.jar
Progress (1): 0.9/18 kB
Progress (1): 2.3/18 kB
Progress (1): 3.7/18 kB
Progress (1): 7.9/18 kB
Progress (1): 12/18 kB 
Progress (1): 16/18 kB
Progress (1): 18 kB   
                   
Downloaded from central: https://repo.maven.apache.org/maven2/org/apache/maven/surefire/common-java5/3.1.2/common-java5-3.1.2.jar (18 kB at 155 kB/s)
Progress (1): 0.9/189 kB
Progress (1): 2.3/189 kB
Progress (1): 3.7/189 kB
Progress (1): 5.0/189 kB
Progress (1): 6.4/189 kB
Progress (1): 7.8/189 kB
Progress (1): 9.1/189 kB
Progress (1): 11/189 kB 
Progress (1): 12/189 kB
Progress (1): 13/189 kB
Progress (1): 15/189 kB
Progress (1): 16/189 kB
Progress (1): 17/189 kB
Progress (1): 19/189 kB
Progress (1): 20/189 kB
Progress (1): 21/189 kB
Progress (1): 23/189 kB
Progress (1): 24/189 kB
Progress (1): 26/189 kB
Progress (1): 27/189 kB
Progress (1): 28/189 kB
Progress (1): 30/189 kB
Progress (1): 31/189 kB
Progress (1): 32/189 kB
Progress (1): 34/189 kB
Progress (1): 35/189 kB
Progress (1): 37/189 kB
Progress (1): 38/189 kB
Progress (1): 39/189 kB
Progress (1): 41/189 kB
Progress (1): 42/189 kB
Progress (1): 43/189 kB
Progress (1): 45/189 kB
Progress (1): 46/189 kB
Progress (1): 47/189 kB
Progress (1): 49/189 kB
Progress (1): 50/189 kB
Progress (1): 52/189 kB
Progress (1): 53/189 kB
Progress (1): 54/189 kB
Progress (1): 56/189 kB
Progress (1): 60/189 kB
Progress (1): 64/189 kB
Progress (1): 68/189 kB
Progress (1): 73/189 kB
Progress (1): 77/189 kB
Progress (1): 81/189 kB
Progress (2): 81/189 kB | 0.9/103 kB
Progress (2): 81/189 kB | 2.3/103 kB
Progress (2): 85/189 kB | 2.3/103 kB
Progress (2): 85/189 kB | 3.7/103 kB
Progress (2): 85/189 kB | 5.0/103 kB
Progress (2): 90/189 kB | 5.0/103 kB
Progress (2): 90/189 kB | 6.4/103 kB
Progress (2): 90/189 kB | 7.8/103 kB
Progress (2): 90/189 kB | 9.1/103 kB
Progress (2): 90/189 kB | 11/103 kB 
Progress (2): 90/189 kB | 12/103 kB
Progress (2): 90/189 kB | 13/103 kB
Progress (2): 94/189 kB | 13/103 kB
Progress (2): 98/189 kB | 13/103 kB
Progress (2): 102/189 kB | 13/103 kB
Progress (2): 106/189 kB | 13/103 kB
Progress (2): 106/189 kB | 15/103 kB
Progress (2): 106/189 kB | 16/103 kB
Progress (2): 106/189 kB | 17/103 kB
Progress (2): 106/189 kB | 19/103 kB
Progress (2): 106/189 kB | 20/103 kB
Progress (2): 106/189 kB | 21/103 kB
Progress (2): 106/189 kB | 23/103 kB
Progress (2): 106/189 kB | 24/103 kB
Progress (2): 106/189 kB | 26/103 kB
Progress (2): 106/189 kB | 27/103 kB
Progress (2): 106/189 kB | 28/103 kB
Progress (2): 106/189 kB | 30/103 kB
Progress (2): 106/189 kB | 31/103 kB
Progress (2): 106/189 kB | 32/103 kB
Progress (3): 106/189 kB | 32/103 kB | 0.9/169 kB
Progress (3): 106/189 kB | 34/103 kB | 0.9/169 kB
Progress (3): 106/189 kB | 34/103 kB | 2.3/169 kB
Progress (3): 106/189 kB | 35/103 kB | 2.3/169 kB
Progress (3): 106/189 kB | 35/103 kB | 3.7/169 kB
Progress (3): 106/189 kB | 37/103 kB | 3.7/169 kB
Progress (3): 106/189 kB | 38/103 kB | 3.7/169 kB
Progress (3): 106/189 kB | 38/103 kB | 5.0/169 kB
Progress (3): 106/189 kB | 39/103 kB | 5.0/169 kB
Progress (3): 106/189 kB | 39/103 kB | 6.4/169 kB
Progress (3): 106/189 kB | 39/103 kB | 7.8/169 kB
Progress (3): 106/189 kB | 41/103 kB | 7.8/169 kB
Progress (3): 106/189 kB | 41/103 kB | 8.2/169 kB
Progress (3): 106/189 kB | 42/103 kB | 8.2/169 kB
Progress (3): 106/189 kB | 42/103 kB | 9.6/169 kB
Progress (3): 106/189 kB | 43/103 kB | 9.6/169 kB
Progress (3): 106/189 kB | 43/103 kB | 11/169 kB 
Progress (3): 106/189 kB | 45/103 kB | 11/169 kB
Progress (3): 106/189 kB | 45/103 kB | 12/169 kB
Progress (3): 106/189 kB | 46/103 kB | 12/169 kB
Progress (3): 106/189 kB | 46/103 kB | 14/169 kB
Progress (3): 106/189 kB | 47/103 kB | 14/169 kB
Progress (3): 106/189 kB | 47/103 kB | 15/169 kB
Progress (3): 106/189 kB | 49/103 kB | 15/169 kB
Progress (3): 106/189 kB | 50/103 kB | 15/169 kB
Progress (3): 106/189 kB | 52/103 kB | 15/169 kB
Progress (3): 106/189 kB | 52/103 kB | 16/169 kB
Progress (3): 106/189 kB | 53/103 kB | 16/169 kB
Progress (3): 106/189 kB | 53/103 kB | 18/169 kB
Progress (3): 106/189 kB | 54/103 kB | 18/169 kB
Progress (3): 106/189 kB | 54/103 kB | 19/169 kB
Progress (3): 106/189 kB | 56/103 kB | 19/169 kB
Progress (3): 106/189 kB | 56/103 kB | 21/169 kB
Progress (3): 106/189 kB | 56/103 kB | 22/169 kB
Progress (3): 106/189 kB | 60/103 kB | 22/169 kB
Progress (3): 106/189 kB | 60/103 kB | 23/169 kB
Progress (3): 106/189 kB | 64/103 kB | 23/169 kB
Progress (3): 106/189 kB | 64/103 kB | 25/169 kB
Progress (3): 106/189 kB | 68/103 kB | 25/169 kB
Progress (3): 106/189 kB | 68/103 kB | 26/169 kB
Progress (3): 106/189 kB | 68/103 kB | 27/169 kB
Progress (3): 106/189 kB | 73/103 kB | 27/169 kB
Progress (3): 106/189 kB | 73/103 kB | 29/169 kB
Progress (3): 106/189 kB | 77/103 kB | 29/169 kB
Progress (3): 106/189 kB | 77/103 kB | 30/169 kB
Progress (3): 106/189 kB | 77/103 kB | 31/169 kB
Progress (3): 106/189 kB | 81/103 kB | 31/169 kB
Progress (3): 106/189 kB | 81/103 kB | 33/169 kB
Progress (3): 106/189 kB | 81/103 kB | 34/169 kB
Progress (3): 106/189 kB | 85/103 kB | 34/169 kB
Progress (3): 106/189 kB | 85/103 kB | 36/169 kB
Progress (3): 106/189 kB | 85/103 kB | 37/169 kB
Progress (3): 106/189 kB | 90/103 kB | 37/169 kB
Progress (3): 106/189 kB | 90/103 kB | 38/169 kB
Progress (3): 106/189 kB | 90/103 kB | 40/169 kB
Progress (3): 106/189 kB | 94/103 kB | 40/169 kB
Progress (3): 106/189 kB | 94/103 kB | 41/169 kB
Progress (3): 106/189 kB | 94/103 kB | 42/169 kB
Progress (3): 106/189 kB | 98/103 kB | 42/169 kB
Progress (3): 106/189 kB | 98/103 kB | 44/169 kB
Progress (3): 106/189 kB | 98/103 kB | 45/169 kB
Progress (3): 106/189 kB | 98/103 kB | 47/169 kB
Progress (3): 106/189 kB | 98/103 kB | 48/169 kB
Progress (3): 106/189 kB | 98/103 kB | 49/169 kB
Progress (3): 106/189 kB | 98/103 kB | 51/169 kB
Progress (3): 106/189 kB | 98/103 kB | 52/169 kB
Progress (3): 106/189 kB | 98/103 kB | 53/169 kB
Progress (3): 106/189 kB | 98/103 kB | 55/169 kB
Progress (3): 106/189 kB | 98/103 kB | 59/169 kB
Progress (3): 106/189 kB | 98/103 kB | 63/169 kB
Progress (3): 111/189 kB | 98/103 kB | 63/169 kB
Progress (3): 111/189 kB | 98/103 kB | 67/169 kB
Progress (3): 111/189 kB | 98/103 kB | 72/169 kB
Progress (3): 111/189 kB | 98/103 kB | 76/169 kB
Progress (3): 115/189 kB | 98/103 kB | 76/169 kB
Progress (3): 115/189 kB | 98/103 kB | 80/169 kB
Progress (3): 115/189 kB | 98/103 kB | 84/169 kB
Progress (3): 119/189 kB | 98/103 kB | 84/169 kB
Progress (3): 119/189 kB | 98/103 kB | 89/169 kB
Progress (3): 123/189 kB | 98/103 kB | 89/169 kB
Progress (3): 128/189 kB | 98/103 kB | 89/169 kB
Progress (3): 128/189 kB | 98/103 kB | 93/169 kB
Progress (3): 128/189 kB | 98/103 kB | 97/169 kB
Progress (3): 128/189 kB | 98/103 kB | 101/169 kB
Progress (3): 128/189 kB | 98/103 kB | 105/169 kB
Progress (3): 128/189 kB | 98/103 kB | 110/169 kB
Progress (3): 128/189 kB | 98/103 kB | 114/169 kB
Progress (3): 128/189 kB | 98/103 kB | 118/169 kB
Progress (3): 128/189 kB | 102/103 kB | 118/169 kB
Progress (3): 128/189 kB | 103 kB | 118/169 kB    
Progress (3): 132/189 kB | 103 kB | 118/169 kB
Progress (3): 136/189 kB | 103 kB | 118/169 kB
Progress (3): 140/189 kB | 103 kB | 118/169 kB
Progress (3): 144/189 kB | 103 kB | 118/169 kB
Progress (3): 149/189 kB | 103 kB | 118/169 kB
Progress (3): 153/189 kB | 103 kB | 118/169 kB
Progress (3): 157/189 kB | 103 kB | 118/169 kB
Progress (3): 161/189 kB | 103 kB | 118/169 kB
Progress (4): 161/189 kB | 103 kB | 118/169 kB | 0.9/7.7 kB
Progress (4): 161/189 kB | 103 kB | 118/169 kB | 2.3/7.7 kB
Progress (4): 161/189 kB | 103 kB | 118/169 kB | 3.7/7.7 kB
Progress (4): 161/189 kB | 103 kB | 118/169 kB | 4.1/7.7 kB
Progress (4): 161/189 kB | 103 kB | 118/169 kB | 5.5/7.7 kB
Progress (4): 161/189 kB | 103 kB | 118/169 kB | 6.8/7.7 kB
Progress (4): 161/189 kB | 103 kB | 118/169 kB | 7.7 kB    
Progress (4): 166/189 kB | 103 kB | 118/169 kB | 7.7 kB
Progress (4): 170/189 kB | 103 kB | 118/169 kB | 7.7 kB
Progress (4): 174/189 kB | 103 kB | 118/169 kB | 7.7 kB
                                                       
Downloaded from central: https://repo.maven.apache.org/maven2/org/opentest4j/opentest4j/1.2.0/opentest4j-1.2.0.jar (7.7 kB at 14 kB/s)
Progress (3): 178/189 kB | 103 kB | 118/169 kB
Progress (3): 183/189 kB | 103 kB | 118/169 kB
Progress (3): 187/189 kB | 103 kB | 118/169 kB
Progress (3): 189 kB | 103 kB | 118/169 kB    
Progress (3): 189 kB | 103 kB | 122/169 kB
Progress (3): 189 kB | 103 kB | 123/169 kB
Progress (3): 189 kB | 103 kB | 127/169 kB
Progress (3): 189 kB | 103 kB | 131/169 kB
Progress (3): 189 kB | 103 kB | 136/169 kB
Progress (3): 189 kB | 103 kB | 140/169 kB
Progress (3): 189 kB | 103 kB | 144/169 kB
Progress (3): 189 kB | 103 kB | 148/169 kB
Progress (3): 189 kB | 103 kB | 152/169 kB
Progress (3): 189 kB | 103 kB | 157/169 kB
Progress (3): 189 kB | 103 kB | 161/169 kB
Progress (3): 189 kB | 103 kB | 165/169 kB
Progress (3): 189 kB | 103 kB | 169 kB    
                                      
Downloaded from central: https://repo.maven.apache.org/maven2/org/junit/platform/junit-platform-launcher/1.9.2/junit-platform-launcher-1.9.2.jar (169 kB at 300 kB/s)
Downloaded from central: https://repo.maven.apache.org/maven2/org/junit/platform/junit-platform-commons/1.9.2/junit-platform-commons-1.9.2.jar (103 kB at 183 kB/s)
Downloaded from central: https://repo.maven.apache.org/maven2/org/junit/platform/junit-platform-engine/1.9.2/junit-platform-engine-1.9.2.jar (189 kB at 335 kB/s)
Downloading from central: https://repo.maven.apache.org/maven2/org/junit/platform/junit-platform-launcher/1.10.2/junit-platform-launcher-1.10.2.pom
Progress (1): 967 B
Progress (1): 3.0 kB
                    
Downloaded from central: https://repo.maven.apache.org/maven2/org/junit/platform/junit-platform-launcher/1.10.2/junit-platform-launcher-1.10.2.pom (3.0 kB at 36 kB/s)
Downloading from central: https://repo.maven.apache.org/maven2/org/junit/platform/junit-platform-launcher/1.10.2/junit-platform-launcher-1.10.2.jar
Progress (1): 3.8/184 kB
Progress (1): 8.0/184 kB
Progress (1): 12/184 kB 
Progress (1): 16/184 kB
Progress (1): 21/184 kB
Progress (1): 25/184 kB
Progress (1): 29/184 kB
Progress (1): 33/184 kB
Progress (1): 38/184 kB
Progress (1): 42/184 kB
Progress (1): 46/184 kB
Progress (1): 62/184 kB
Progress (1): 79/184 kB
Progress (1): 95/184 kB
Progress (1): 112/184 kB
Progress (1): 128/184 kB
Progress (1): 144/184 kB
Progress (1): 161/184 kB
Progress (1): 177/184 kB
Progress (1): 184 kB    
                    
Downloaded from central: https://repo.maven.apache.org/maven2/org/junit/platform/junit-platform-launcher/1.10.2/junit-platform-launcher-1.10.2.jar (184 kB at 1.6 MB/s)
[INFO] 
[INFO] -------------------------------------------------------
[INFO]  T E S T S
[INFO] -------------------------------------------------------
[INFO] Running br.edu.ifpb.veritas.VeritasApplicationTests
23:34:46.156 [main] INFO org.springframework.test.context.support.AnnotationConfigContextLoaderUtils -- Could not detect default configuration classes for test class [br.edu.ifpb.veritas.VeritasApplicationTests]: VeritasApplicationTests does not declare any static, non-private, non-final, nested classes annotated with @Configuration.
23:34:46.704 [main] INFO org.springframework.boot.test.context.SpringBootTestContextBootstrapper -- Found @SpringBootConfiguration br.edu.ifpb.veritas.VeritasApplication for test class br.edu.ifpb.veritas.VeritasApplicationTests
23:34:47.493 [main] INFO org.springframework.boot.devtools.restart.RestartApplicationListener -- Restart disabled due to context in which it is running

  .   ____          _            __ _ _
 /\\ / ___'_ __ _ _(_)_ __  __ _ \ \ \ \
( ( )\___ | '_ | '_| | '_ \/ _` | \ \ \ \
 \\/  ___)| |_)| | | | | || (_| |  ) ) ) )
  '  |____| .__|_| |_|_| |_\__, | / / / /
 =========|_|==============|___/=/_/_/_/
 :: Spring Boot ::                (v3.2.6)

2026-02-03T23:34:48.540-03:00  INFO 5960 --- [veritas] [           main] b.e.i.veritas.VeritasApplicationTests    : Starting VeritasApplicationTests using Java 21.0.8 with PID 5960 (started by Leidiana in C:\Users\Leidiana\Documents\PWEB2\veritas_application-camada-teste)
2026-02-03T23:34:48.544-03:00  INFO 5960 --- [veritas] [           main] b.e.i.veritas.VeritasApplicationTests    : No active profile set, falling back to 1 default profile: "default"
2026-02-03T23:34:54.184-03:00  INFO 5960 --- [veritas] [           main] .s.d.r.c.RepositoryConfigurationDelegate : Bootstrapping Spring Data JPA repositories in DEFAULT mode.
2026-02-03T23:34:54.544-03:00  INFO 5960 --- [veritas] [           main] .s.d.r.c.RepositoryConfigurationDelegate : Finished Spring Data repository scanning in 325 ms. Found 8 JPA repository interfaces.
2026-02-03T23:34:58.447-03:00  INFO 5960 --- [veritas] [           main] o.hibernate.jpa.internal.util.LogHelper  : HHH000204: Processing PersistenceUnitInfo [name: default]
2026-02-03T23:34:58.689-03:00  INFO 5960 --- [veritas] [           main] org.hibernate.Version                    : HHH000412: Hibernate ORM core version 6.4.8.Final
2026-02-03T23:34:58.843-03:00  INFO 5960 --- [veritas] [           main] o.h.c.internal.RegionFactoryInitiator    : HHH000026: Second-level cache disabled
2026-02-03T23:35:00.119-03:00  INFO 5960 --- [veritas] [           main] o.s.o.j.p.SpringPersistenceUnitInfo      : No LoadTimeWeaver setup: ignoring JPA class transformer
2026-02-03T23:35:00.269-03:00  INFO 5960 --- [veritas] [           main] com.zaxxer.hikari.HikariDataSource       : HikariPool-1 - Starting...
2026-02-03T23:35:01.237-03:00  INFO 5960 --- [veritas] [           main] com.zaxxer.hikari.pool.HikariPool        : HikariPool-1 - Added connection org.postgresql.jdbc.PgConnection@6207145c
2026-02-03T23:35:01.246-03:00  INFO 5960 --- [veritas] [           main] com.zaxxer.hikari.HikariDataSource       : HikariPool-1 - Start completed.
2026-02-03T23:35:01.434-03:00  WARN 5960 --- [veritas] [           main] org.hibernate.orm.deprecation            : HHH90000025: PostgreSQLDialect does not need to be specified explicitly using 'hibernate.dialect' (remove the property setting and it will be selected by default)
2026-02-03T23:35:07.601-03:00  INFO 5960 --- [veritas] [           main] o.h.e.t.j.p.i.JtaPlatformInitiator       : HHH000489: No JTA platform available (set 'hibernate.transaction.jta.platform' to enable JTA platform integration)
2026-02-03T23:35:08.387-03:00  INFO 5960 --- [veritas] [           main] j.LocalContainerEntityManagerFactoryBean : Initialized JPA EntityManagerFactory for persistence unit 'default'
2026-02-03T23:35:10.737-03:00  INFO 5960 --- [veritas] [           main] o.s.d.j.r.query.QueryEnhancerFactory     : Hibernate is in classpath; If applicable, HQL parser will be used.
2026-02-03T23:35:14.590-03:00  WARN 5960 --- [veritas] [           main] JpaBaseConfiguration$JpaWebConfiguration : spring.jpa.open-in-view is enabled by default. Therefore, database queries may be performed during view rendering. Explicitly configure spring.jpa.open-in-view to disable this warning
2026-02-03T23:35:17.213-03:00  INFO 5960 --- [veritas] [           main] o.s.b.a.e.web.EndpointLinksResolver      : Exposing 1 endpoint(s) beneath base path '/actuator'
2026-02-03T23:35:18.177-03:00  INFO 5960 --- [veritas] [           main] o.s.s.web.DefaultSecurityFilterChain     : Will secure any request with [org.springframework.security.web.session.DisableEncodeUrlFilter@1cb24198, org.springframework.security.web.context.request.async.WebAsyncManagerIntegrationFilter@74f17bb8, org.springframework.security.web.context.SecurityContextHolderFilter@42930a42, org.springframework.security.web.header.HeaderWriterFilter@32394a4b, org.springframework.web.filter.CorsFilter@43bb76d0, org.springframework.security.web.authentication.logout.LogoutFilter@12fb37b2, org.springframework.security.web.authentication.UsernamePasswordAuthenticationFilter@1bf6d24a, org.springframework.security.web.savedrequest.RequestCacheAwareFilter@5a880dbe, org.springframework.security.web.servletapi.SecurityContextHolderAwareRequestFilter@33918d45, org.springframework.security.web.authentication.AnonymousAuthenticationFilter@66f04451, org.springframework.security.web.access.ExceptionTranslationFilter@3d731475, org.springframework.security.web.access.intercept.AuthorizationFilter@47ce059f]
2026-02-03T23:35:22.680-03:00  INFO 5960 --- [veritas] [           main] b.e.i.veritas.VeritasApplicationTests    : Started VeritasApplicationTests in 35.232 seconds (process running for 39.334)
2026-02-03T23:35:23.346-03:00  INFO 5960 --- [veritas] [           main] br.edu.ifpb.veritas.configs.DataSeeder   : ====== INICIANDO POPULAÃ├O DO BANCO DE DADOS ======
2026-02-03T23:35:23.347-03:00  INFO 5960 --- [veritas] [           main] br.edu.ifpb.veritas.configs.DataSeeder   : Populando administradores...
Hibernate: 
    select
        a1_0.id,
        a1_0.is_active,
        a1_0.tb_admin_login,
        a1_0.tb_admin_name,
        a1_0.tb_admin_password,
        a1_0.tb_admin_phone_number,
        a1_0.tb_admin_register 
    from
        tb_administrator a1_0
2026-02-03T23:35:23.807-03:00  INFO 5960 --- [veritas] [           main] br.edu.ifpb.veritas.configs.DataSeeder   : ? Administradores jß existem no banco. Pulando...
2026-02-03T23:35:23.808-03:00  INFO 5960 --- [veritas] [           main] br.edu.ifpb.veritas.configs.DataSeeder   : Populando assuntos de processos...
Hibernate: 
    select
        s1_0.id,
        s1_0.active,
        s1_0.created_at,
        s1_0.description,
        s1_0.modified_at,
        s1_0.title 
    from
        tb_subjects s1_0
2026-02-03T23:35:23.852-03:00  INFO 5960 --- [veritas] [           main] br.edu.ifpb.veritas.configs.DataSeeder   : ? Assuntos jß existem no banco. Pulando...
2026-02-03T23:35:23.853-03:00  INFO 5960 --- [veritas] [           main] br.edu.ifpb.veritas.configs.DataSeeder   : Populando professores...
Hibernate: 
    select
        p1_0.id,
        p1_0.is_coordinator,
        p1_0.is_active,
        p1_0.login,
        p1_0.name,
        p1_0.password,
        p1_0.phone_number,
        p1_0.register 
    from
        tb_professors p1_0
Hibernate: 
    select
        c1_0.id,
        c1_0.tb_courses_active,
        cc1_0.id,
        cc1_0.is_coordinator,
        cc1_0.is_active,
        cc1_0.login,
        cc1_0.name,
        cc1_0.password,
        cc1_0.phone_number,
        cc1_0.register,
        c1_0.tb_courses_description,
        c1_0.tb_courses_title 
    from
        tb_courses c1_0 
    left join
        tb_professors cc1_0 
            on cc1_0.id=c1_0.tb_course_coordinator 
    where
        c1_0.tb_course_coordinator=?
Hibernate: 
    select
        c1_0.id,
        c1_0.tb_courses_active,
        cc1_0.id,
        cc1_0.is_coordinator,
        cc1_0.is_active,
        cc1_0.login,
        cc1_0.name,
        cc1_0.password,
        cc1_0.phone_number,
        cc1_0.register,
        c1_0.tb_courses_description,
        c1_0.tb_courses_title 
    from
        tb_courses c1_0 
    left join
        tb_professors cc1_0 
            on cc1_0.id=c1_0.tb_course_coordinator 
    where
        c1_0.tb_course_coordinator=?
Hibernate: 
    select
        c1_0.id,
        c1_0.tb_courses_active,
        cc1_0.id,
        cc1_0.is_coordinator,
        cc1_0.is_active,
        cc1_0.login,
        cc1_0.name,
        cc1_0.password,
        cc1_0.phone_number,
        cc1_0.register,
        c1_0.tb_courses_description,
        c1_0.tb_courses_title 
    from
        tb_courses c1_0 
    left join
        tb_professors cc1_0 
            on cc1_0.id=c1_0.tb_course_coordinator 
    where
        c1_0.tb_course_coordinator=?
Hibernate: 
    select
        c1_0.id,
        c1_0.tb_courses_active,
        cc1_0.id,
        cc1_0.is_coordinator,
        cc1_0.is_active,
        cc1_0.login,
        cc1_0.name,
        cc1_0.password,
        cc1_0.phone_number,
        cc1_0.register,
        c1_0.tb_courses_description,
        c1_0.tb_courses_title 
    from
        tb_courses c1_0 
    left join
        tb_professors cc1_0 
            on cc1_0.id=c1_0.tb_course_coordinator 
    where
        c1_0.tb_course_coordinator=?
Hibernate: 
    select
        c1_0.id,
        c1_0.tb_courses_active,
        cc1_0.id,
        cc1_0.is_coordinator,
        cc1_0.is_active,
        cc1_0.login,
        cc1_0.name,
        cc1_0.password,
        cc1_0.phone_number,
        cc1_0.register,
        c1_0.tb_courses_description,
        c1_0.tb_courses_title 
    from
        tb_courses c1_0 
    left join
        tb_professors cc1_0 
            on cc1_0.id=c1_0.tb_course_coordinator 
    where
        c1_0.tb_course_coordinator=?
2026-02-03T23:35:23.908-03:00  INFO 5960 --- [veritas] [           main] br.edu.ifpb.veritas.configs.DataSeeder   : ? Professores jß existem no banco. Pulando...
2026-02-03T23:35:23.908-03:00  INFO 5960 --- [veritas] [           main] br.edu.ifpb.veritas.configs.DataSeeder   : Populando estudantes...
Hibernate: 
    select
        s1_0.id,
        s1_0.current_course,
        s1_0.is_active,
        s1_0.login,
        s1_0.name,
        s1_0.password,
        s1_0.phone_number,
        s1_0.register 
    from
        tb_students s1_0
Hibernate: 
    select
        c1_0.id,
        c1_0.closed_at,
        c1_0.created_at,
        c1_0.description,
        rs1_0.id,
        cc1_0.id,
        cc1_0.tb_courses_active,
        cc2_0.id,
        cc2_0.is_coordinator,
        cc2_0.is_active,
        cc2_0.login,
        cc2_0.name,
        cc2_0.password,
        cc2_0.phone_number,
        cc2_0.register,
        cc1_0.tb_courses_description,
        cc1_0.tb_courses_title,
        rs1_0.is_active,
        rs1_0.login,
        rs1_0.name,
        rs1_0.password,
        rs1_0.phone_number,
        rs1_0.register 
    from
        tb_collegiate c1_0 
    left join
        tb_students rs1_0 
            on rs1_0.id=c1_0.collegiate_rep_student_id 
    left join
        tb_courses cc1_0 
            on cc1_0.id=rs1_0.current_course 
    left join
        tb_professors cc2_0 
            on cc2_0.id=cc1_0.tb_course_coordinator 
    where
        c1_0.collegiate_rep_student_id=?
Hibernate: 
    select
        c1_0.id,
        c1_0.closed_at,
        c1_0.created_at,
        c1_0.description,
        rs1_0.id,
        cc1_0.id,
        cc1_0.tb_courses_active,
        cc2_0.id,
        cc2_0.is_coordinator,
        cc2_0.is_active,
        cc2_0.login,
        cc2_0.name,
        cc2_0.password,
        cc2_0.phone_number,
        cc2_0.register,
        cc1_0.tb_courses_description,
        cc1_0.tb_courses_title,
        rs1_0.is_active,
        rs1_0.login,
        rs1_0.name,
        rs1_0.password,
        rs1_0.phone_number,
        rs1_0.register 
    from
        tb_collegiate c1_0 
    left join
        tb_students rs1_0 
            on rs1_0.id=c1_0.collegiate_rep_student_id 
    left join
        tb_courses cc1_0 
            on cc1_0.id=rs1_0.current_course 
    left join
        tb_professors cc2_0 
            on cc2_0.id=cc1_0.tb_course_coordinator 
    where
        c1_0.collegiate_rep_student_id=?
Hibernate: 
    select
        c1_0.id,
        c1_0.closed_at,
        c1_0.created_at,
        c1_0.description,
        rs1_0.id,
        cc1_0.id,
        cc1_0.tb_courses_active,
        cc2_0.id,
        cc2_0.is_coordinator,
        cc2_0.is_active,
        cc2_0.login,
        cc2_0.name,
        cc2_0.password,
        cc2_0.phone_number,
        cc2_0.register,
        cc1_0.tb_courses_description,
        cc1_0.tb_courses_title,
        rs1_0.is_active,
        rs1_0.login,
        rs1_0.name,
        rs1_0.password,
        rs1_0.phone_number,
        rs1_0.register 
    from
        tb_collegiate c1_0 
    left join
        tb_students rs1_0 
            on rs1_0.id=c1_0.collegiate_rep_student_id 
    left join
        tb_courses cc1_0 
            on cc1_0.id=rs1_0.current_course 
    left join
        tb_professors cc2_0 
            on cc2_0.id=cc1_0.tb_course_coordinator 
    where
        c1_0.collegiate_rep_student_id=?
2026-02-03T23:35:23.938-03:00  INFO 5960 --- [veritas] [           main] br.edu.ifpb.veritas.configs.DataSeeder   : ? Estudantes jß existem no banco. Pulando...
2026-02-03T23:35:23.939-03:00  INFO 5960 --- [veritas] [           main] br.edu.ifpb.veritas.configs.DataSeeder   : Populando colegiados...
Hibernate: 
    select
        c1_0.id,
        c1_0.closed_at,
        c1_0.created_at,
        c1_0.description,
        c1_0.collegiate_rep_student_id 
    from
        tb_collegiate c1_0
2026-02-03T23:35:23.948-03:00  INFO 5960 --- [veritas] [           main] br.edu.ifpb.veritas.configs.DataSeeder   : ? Colegiados jß existem no banco. Pulando...
2026-02-03T23:35:23.949-03:00  INFO 5960 --- [veritas] [           main] br.edu.ifpb.veritas.configs.DataSeeder   : Populando processos...
Hibernate: 
    select
        p1_0.id,
        p1_0.created_at,
        p1_0.description,
        p1_0.distributed_at,
        p1_0.document,
        p1_0.document_filename,
        p1_0.document_upload_date,
        p1_0.number,
        p1_0.interested_student_id,
        p1_0.process_order,
        p1_0.professor_rapporteur_id,
        p1_0.rapporteur_justification,
        p1_0.rapporteur_vote,
        p1_0.solved_at,
        p1_0.process_status,
        p1_0.process_subject_id,
        p1_0.title 
    from
        tb_processes p1_0
Hibernate: 
    select
        s1_0.id,
        cc1_0.id,
        cc1_0.tb_courses_active,
        cc2_0.id,
        cc2_0.is_coordinator,
        cc2_0.is_active,
        cc2_0.login,
        cc2_0.name,
        cc2_0.password,
        cc2_0.phone_number,
        cc2_0.register,
        cc1_0.tb_courses_description,
        cc1_0.tb_courses_title,
        s1_0.is_active,
        s1_0.login,
        s1_0.name,
        s1_0.password,
        s1_0.phone_number,
        s1_0.register,
        rc1_0.id,
        rc1_0.closed_at,
        rc1_0.created_at,
        rc1_0.description 
    from
        tb_students s1_0 
    left join
        tb_courses cc1_0 
            on cc1_0.id=s1_0.current_course 
    left join
        tb_professors cc2_0 
            on cc2_0.id=cc1_0.tb_course_coordinator 
    left join
        tb_collegiate rc1_0 
            on s1_0.id=rc1_0.collegiate_rep_student_id 
    where
        s1_0.id=?
Hibernate: 
    select
        s1_0.id,
        s1_0.active,
        s1_0.created_at,
        s1_0.description,
        s1_0.modified_at,
        s1_0.title 
    from
        tb_subjects s1_0 
    where
        s1_0.id=?
Hibernate: 
    select
        s1_0.id,
        cc1_0.id,
        cc1_0.tb_courses_active,
        cc2_0.id,
        cc2_0.is_coordinator,
        cc2_0.is_active,
        cc2_0.login,
        cc2_0.name,
        cc2_0.password,
        cc2_0.phone_number,
        cc2_0.register,
        cc1_0.tb_courses_description,
        cc1_0.tb_courses_title,
        s1_0.is_active,
        s1_0.login,
        s1_0.name,
        s1_0.password,
        s1_0.phone_number,
        s1_0.register,
        rc1_0.id,
        rc1_0.closed_at,
        rc1_0.created_at,
        rc1_0.description 
    from
        tb_students s1_0 
    left join
        tb_courses cc1_0 
            on cc1_0.id=s1_0.current_course 
    left join
        tb_professors cc2_0 
            on cc2_0.id=cc1_0.tb_course_coordinator 
    left join
        tb_collegiate rc1_0 
            on s1_0.id=rc1_0.collegiate_rep_student_id 
    where
        s1_0.id=?
Hibernate: 
    select
        p1_0.id,
        p1_0.is_coordinator,
        ca1_0.id,
        ca1_0.tb_courses_active,
        ca1_0.tb_courses_description,
        ca1_0.tb_courses_title,
        p1_0.is_active,
        p1_0.login,
        p1_0.name,
        p1_0.password,
        p1_0.phone_number,
        p1_0.register 
    from
        tb_professors p1_0 
    left join
        tb_courses ca1_0 
            on p1_0.id=ca1_0.tb_course_coordinator 
    where
        p1_0.id=?
Hibernate: 
    select
        s1_0.id,
        s1_0.active,
        s1_0.created_at,
        s1_0.description,
        s1_0.modified_at,
        s1_0.title 
    from
        tb_subjects s1_0 
    where
        s1_0.id=?
Hibernate: 
    select
        s1_0.id,
        cc1_0.id,
        cc1_0.tb_courses_active,
        cc2_0.id,
        cc2_0.is_coordinator,
        cc2_0.is_active,
        cc2_0.login,
        cc2_0.name,
        cc2_0.password,
        cc2_0.phone_number,
        cc2_0.register,
        cc1_0.tb_courses_description,
        cc1_0.tb_courses_title,
        s1_0.is_active,
        s1_0.login,
        s1_0.name,
        s1_0.password,
        s1_0.phone_number,
        s1_0.register,
        rc1_0.id,
        rc1_0.closed_at,
        rc1_0.created_at,
        rc1_0.description 
    from
        tb_students s1_0 
    left join
        tb_courses cc1_0 
            on cc1_0.id=s1_0.current_course 
    left join
        tb_professors cc2_0 
            on cc2_0.id=cc1_0.tb_course_coordinator 
    left join
        tb_collegiate rc1_0 
            on s1_0.id=rc1_0.collegiate_rep_student_id 
    where
        s1_0.id=?
Hibernate: 
    select
        p1_0.id,
        p1_0.is_coordinator,
        ca1_0.id,
        ca1_0.tb_courses_active,
        ca1_0.tb_courses_description,
        ca1_0.tb_courses_title,
        p1_0.is_active,
        p1_0.login,
        p1_0.name,
        p1_0.password,
        p1_0.phone_number,
        p1_0.register 
    from
        tb_professors p1_0 
    left join
        tb_courses ca1_0 
            on p1_0.id=ca1_0.tb_course_coordinator 
    where
        p1_0.id=?
Hibernate: 
    select
        s1_0.id,
        s1_0.active,
        s1_0.created_at,
        s1_0.description,
        s1_0.modified_at,
        s1_0.title 
    from
        tb_subjects s1_0 
    where
        s1_0.id=?
Hibernate: 
    select
        p1_0.id,
        p1_0.is_coordinator,
        ca1_0.id,
        ca1_0.tb_courses_active,
        ca1_0.tb_courses_description,
        ca1_0.tb_courses_title,
        p1_0.is_active,
        p1_0.login,
        p1_0.name,
        p1_0.password,
        p1_0.phone_number,
        p1_0.register 
    from
        tb_professors p1_0 
    left join
        tb_courses ca1_0 
            on p1_0.id=ca1_0.tb_course_coordinator 
    where
        p1_0.id=?
Hibernate: 
    select
        s1_0.id,
        s1_0.active,
        s1_0.created_at,
        s1_0.description,
        s1_0.modified_at,
        s1_0.title 
    from
        tb_subjects s1_0 
    where
        s1_0.id=?
2026-02-03T23:35:24.058-03:00  INFO 5960 --- [veritas] [           main] br.edu.ifpb.veritas.configs.DataSeeder   : ? Processos jß existem no banco. Pulando...
2026-02-03T23:35:24.059-03:00  INFO 5960 --- [veritas] [           main] br.edu.ifpb.veritas.configs.DataSeeder   : Populando votos dos relatores (REQFUNC 5)...
Hibernate: 
    select
        p1_0.id,
        p1_0.created_at,
        p1_0.description,
        p1_0.distributed_at,
        p1_0.document,
        p1_0.document_filename,
        p1_0.document_upload_date,
        p1_0.number,
        p1_0.interested_student_id,
        p1_0.process_order,
        p1_0.professor_rapporteur_id,
        p1_0.rapporteur_justification,
        p1_0.rapporteur_vote,
        p1_0.solved_at,
        p1_0.process_status,
        p1_0.process_subject_id,
        p1_0.title 
    from
        tb_processes p1_0
Hibernate: 
    select
        s1_0.id,
        cc1_0.id,
        cc1_0.tb_courses_active,
        cc2_0.id,
        cc2_0.is_coordinator,
        cc2_0.is_active,
        cc2_0.login,
        cc2_0.name,
        cc2_0.password,
        cc2_0.phone_number,
        cc2_0.register,
        cc1_0.tb_courses_description,
        cc1_0.tb_courses_title,
        s1_0.is_active,
        s1_0.login,
        s1_0.name,
        s1_0.password,
        s1_0.phone_number,
        s1_0.register,
        rc1_0.id,
        rc1_0.closed_at,
        rc1_0.created_at,
        rc1_0.description 
    from
        tb_students s1_0 
    left join
        tb_courses cc1_0 
            on cc1_0.id=s1_0.current_course 
    left join
        tb_professors cc2_0 
            on cc2_0.id=cc1_0.tb_course_coordinator 
    left join
        tb_collegiate rc1_0 
            on s1_0.id=rc1_0.collegiate_rep_student_id 
    where
        s1_0.id=?
Hibernate: 
    select
        s1_0.id,
        s1_0.active,
        s1_0.created_at,
        s1_0.description,
        s1_0.modified_at,
        s1_0.title 
    from
        tb_subjects s1_0 
    where
        s1_0.id=?
Hibernate: 
    select
        s1_0.id,
        cc1_0.id,
        cc1_0.tb_courses_active,
        cc2_0.id,
        cc2_0.is_coordinator,
        cc2_0.is_active,
        cc2_0.login,
        cc2_0.name,
        cc2_0.password,
        cc2_0.phone_number,
        cc2_0.register,
        cc1_0.tb_courses_description,
        cc1_0.tb_courses_title,
        s1_0.is_active,
        s1_0.login,
        s1_0.name,
        s1_0.password,
        s1_0.phone_number,
        s1_0.register,
        rc1_0.id,
        rc1_0.closed_at,
        rc1_0.created_at,
        rc1_0.description 
    from
        tb_students s1_0 
    left join
        tb_courses cc1_0 
            on cc1_0.id=s1_0.current_course 
    left join
        tb_professors cc2_0 
            on cc2_0.id=cc1_0.tb_course_coordinator 
    left join
        tb_collegiate rc1_0 
            on s1_0.id=rc1_0.collegiate_rep_student_id 
    where
        s1_0.id=?
Hibernate: 
    select
        p1_0.id,
        p1_0.is_coordinator,
        ca1_0.id,
        ca1_0.tb_courses_active,
        ca1_0.tb_courses_description,
        ca1_0.tb_courses_title,
        p1_0.is_active,
        p1_0.login,
        p1_0.name,
        p1_0.password,
        p1_0.phone_number,
        p1_0.register 
    from
        tb_professors p1_0 
    left join
        tb_courses ca1_0 
            on p1_0.id=ca1_0.tb_course_coordinator 
    where
        p1_0.id=?
Hibernate: 
    select
        s1_0.id,
        s1_0.active,
        s1_0.created_at,
        s1_0.description,
        s1_0.modified_at,
        s1_0.title 
    from
        tb_subjects s1_0 
    where
        s1_0.id=?
Hibernate: 
    select
        s1_0.id,
        cc1_0.id,
        cc1_0.tb_courses_active,
        cc2_0.id,
        cc2_0.is_coordinator,
        cc2_0.is_active,
        cc2_0.login,
        cc2_0.name,
        cc2_0.password,
        cc2_0.phone_number,
        cc2_0.register,
        cc1_0.tb_courses_description,
        cc1_0.tb_courses_title,
        s1_0.is_active,
        s1_0.login,
        s1_0.name,
        s1_0.password,
        s1_0.phone_number,
        s1_0.register,
        rc1_0.id,
        rc1_0.closed_at,
        rc1_0.created_at,
        rc1_0.description 
    from
        tb_students s1_0 
    left join
        tb_courses cc1_0 
            on cc1_0.id=s1_0.current_course 
    left join
        tb_professors cc2_0 
            on cc2_0.id=cc1_0.tb_course_coordinator 
    left join
        tb_collegiate rc1_0 
            on s1_0.id=rc1_0.collegiate_rep_student_id 
    where
        s1_0.id=?
Hibernate: 
    select
        p1_0.id,
        p1_0.is_coordinator,
        ca1_0.id,
        ca1_0.tb_courses_active,
        ca1_0.tb_courses_description,
        ca1_0.tb_courses_title,
        p1_0.is_active,
        p1_0.login,
        p1_0.name,
        p1_0.password,
        p1_0.phone_number,
        p1_0.register 
    from
        tb_professors p1_0 
    left join
        tb_courses ca1_0 
            on p1_0.id=ca1_0.tb_course_coordinator 
    where
        p1_0.id=?
Hibernate: 
    select
        s1_0.id,
        s1_0.active,
        s1_0.created_at,
        s1_0.description,
        s1_0.modified_at,
        s1_0.title 
    from
        tb_subjects s1_0 
    where
        s1_0.id=?
Hibernate: 
    select
        p1_0.id,
        p1_0.is_coordinator,
        ca1_0.id,
        ca1_0.tb_courses_active,
        ca1_0.tb_courses_description,
        ca1_0.tb_courses_title,
        p1_0.is_active,
        p1_0.login,
        p1_0.name,
        p1_0.password,
        p1_0.phone_number,
        p1_0.register 
    from
        tb_professors p1_0 
    left join
        tb_courses ca1_0 
            on p1_0.id=ca1_0.tb_course_coordinator 
    where
        p1_0.id=?
Hibernate: 
    select
        s1_0.id,
        s1_0.active,
        s1_0.created_at,
        s1_0.description,
        s1_0.modified_at,
        s1_0.title 
    from
        tb_subjects s1_0 
    where
        s1_0.id=?
Hibernate: 
    select
        p1_0.id,
        p1_0.is_coordinator,
        p1_0.is_active,
        p1_0.login,
        p1_0.name,
        p1_0.password,
        p1_0.phone_number,
        p1_0.register 
    from
        tb_professors p1_0
Hibernate: 
    select
        c1_0.id,
        c1_0.tb_courses_active,
        cc1_0.id,
        cc1_0.is_coordinator,
        cc1_0.is_active,
        cc1_0.login,
        cc1_0.name,
        cc1_0.password,
        cc1_0.phone_number,
        cc1_0.register,
        c1_0.tb_courses_description,
        c1_0.tb_courses_title 
    from
        tb_courses c1_0 
    left join
        tb_professors cc1_0 
            on cc1_0.id=c1_0.tb_course_coordinator 
    where
        c1_0.tb_course_coordinator=?
Hibernate: 
    select
        c1_0.id,
        c1_0.tb_courses_active,
        cc1_0.id,
        cc1_0.is_coordinator,
        cc1_0.is_active,
        cc1_0.login,
        cc1_0.name,
        cc1_0.password,
        cc1_0.phone_number,
        cc1_0.register,
        c1_0.tb_courses_description,
        c1_0.tb_courses_title 
    from
        tb_courses c1_0 
    left join
        tb_professors cc1_0 
            on cc1_0.id=c1_0.tb_course_coordinator 
    where
        c1_0.tb_course_coordinator=?
Hibernate: 
    select
        c1_0.id,
        c1_0.tb_courses_active,
        cc1_0.id,
        cc1_0.is_coordinator,
        cc1_0.is_active,
        cc1_0.login,
        cc1_0.name,
        cc1_0.password,
        cc1_0.phone_number,
        cc1_0.register,
        c1_0.tb_courses_description,
        c1_0.tb_courses_title 
    from
        tb_courses c1_0 
    left join
        tb_professors cc1_0 
            on cc1_0.id=c1_0.tb_course_coordinator 
    where
        c1_0.tb_course_coordinator=?
Hibernate: 
    select
        c1_0.id,
        c1_0.tb_courses_active,
        cc1_0.id,
        cc1_0.is_coordinator,
        cc1_0.is_active,
        cc1_0.login,
        cc1_0.name,
        cc1_0.password,
        cc1_0.phone_number,
        cc1_0.register,
        c1_0.tb_courses_description,
        c1_0.tb_courses_title 
    from
        tb_courses c1_0 
    left join
        tb_professors cc1_0 
            on cc1_0.id=c1_0.tb_course_coordinator 
    where
        c1_0.tb_course_coordinator=?
Hibernate: 
    select
        c1_0.id,
        c1_0.tb_courses_active,
        cc1_0.id,
        cc1_0.is_coordinator,
        cc1_0.is_active,
        cc1_0.login,
        cc1_0.name,
        cc1_0.password,
        cc1_0.phone_number,
        cc1_0.register,
        c1_0.tb_courses_description,
        c1_0.tb_courses_title 
    from
        tb_courses c1_0 
    left join
        tb_professors cc1_0 
            on cc1_0.id=c1_0.tb_course_coordinator 
    where
        c1_0.tb_course_coordinator=?
Hibernate: 
    select
        p1_0.id,
        p1_0.created_at,
        p1_0.description,
        p1_0.distributed_at,
        p1_0.document,
        p1_0.document_filename,
        p1_0.document_upload_date,
        p1_0.number,
        p1_0.interested_student_id,
        pc1_0.id,
        cc1_0.id,
        cc1_0.tb_courses_active,
        cc2_0.id,
        cc2_0.is_coordinator,
        cc2_0.is_active,
        cc2_0.login,
        cc2_0.name,
        cc2_0.password,
        cc2_0.phone_number,
        cc2_0.register,
        cc1_0.tb_courses_description,
        cc1_0.tb_courses_title,
        pc1_0.is_active,
        pc1_0.login,
        pc1_0.name,
        pc1_0.password,
        pc1_0.phone_number,
        pc1_0.register,
        rc1_0.id,
        rc1_0.closed_at,
        rc1_0.created_at,
        rc1_0.description,
        p1_0.process_order,
        pr1_0.id,
        pr1_0.is_coordinator,
        ca1_0.id,
        ca1_0.tb_courses_active,
        ca1_0.tb_courses_description,
        ca1_0.tb_courses_title,
        pr1_0.is_active,
        pr1_0.login,
        pr1_0.name,
        pr1_0.password,
        pr1_0.phone_number,
        pr1_0.register,
        p1_0.rapporteur_justification,
        p1_0.rapporteur_vote,
        p1_0.solved_at,
        p1_0.process_status,
        p1_0.process_subject_id,
.\mvnw.cmd : java.lang.IllegalStateException: Relator jß 
registrou sua decisÒo para este processo.
No linha:1 caractere:1
+ .\mvnw.cmd test > test.log 2>&1 ; type test.log
+ ~~~~~~~~~~~~~~~~~~~~~~~~~~~~~~~
    + CategoryInfo          : NotSpecified: (java.lang.Illeg. 
   .. este processo.:String) [], RemoteException
    + FullyQualifiedErrorId : NativeCommandError
 
	at br.edu.ifpb.veritas.services.VoteService.registerRapporteu
rDecision(VoteService.java:135)
	at java.base/jdk.internal.reflect.DirectMethodHandleAccessor.
invoke(DirectMethodHandleAccessor.java:103)
	at java.base/java.lang.reflect.Method.invoke(Method.java:580)
	at org.springframework.aop.support.AopUtils.invokeJoinpointUs
ingReflection(AopUtils.java:354)
	at org.springframework.aop.framework.ReflectiveMethodInvocati
on.invokeJoinpoint(ReflectiveMethodInvocation.java:196)
	at org.springframework.aop.framework.ReflectiveMethodInvocati
on.proceed(ReflectiveMethodInvocation.java:163)
	at org.springframework.aop.framework.CglibAopProxy$CglibMetho
dInvocation.proceed(CglibAopProxy.java:768)
	at org.springframework.transaction.interceptor.TransactionInt
erceptor$1.proceedWithInvocation(TransactionInterceptor.java:1
23)
	at org.springframework.transaction.interceptor.TransactionAsp
ectSupport.invokeWithinTransaction(TransactionAspectSupport.ja
va:392)
	at org.springframework.transaction.interceptor.TransactionInt
erceptor.invoke(TransactionInterceptor.java:119)
	at org.springframework.aop.framework.ReflectiveMethodInvocati
on.proceed(ReflectiveMethodInvocation.java:184)
	at org.springframework.aop.framework.CglibAopProxy$CglibMetho
dInvocation.proceed(CglibAopProxy.java:768)
	at org.springframework.aop.framework.CglibAopProxy$DynamicAdv
isedInterceptor.intercept(CglibAopProxy.java:720)
	at br.edu.ifpb.veritas.services.VoteService$$SpringCGLIB$$0.r
egisterRapporteurDecision(<generated>)
	at br.edu.ifpb.veritas.configs.DataSeeder.seedRapporteurVotes
(DataSeeder.java:372)
	at 
br.edu.ifpb.veritas.configs.DataSeeder.run(DataSeeder.java:60)
	at org.springframework.boot.SpringApplication.lambda$callRunn
er$5(SpringApplication.java:790)
	at org.springframework.util.function.ThrowingConsumer$1.accep
tWithException(ThrowingConsumer.java:83)
	at org.springframework.util.function.ThrowingConsumer.accept(
ThrowingConsumer.java:60)
	at org.springframework.util.function.ThrowingConsumer$1.accep
t(ThrowingConsumer.java:88)
	at org.springframework.boot.SpringApplication.callRunner(Spri
ngApplication.java:798)
	at org.springframework.boot.SpringApplication.callRunner(Spri
ngApplication.java:789)
	at org.springframework.boot.SpringApplication.lambda$callRunn
ers$3(SpringApplication.java:774)
	at java.base/java.util.stream.ForEachOps$ForEachOp$OfRef.acce
pt(ForEachOps.java:184)
	at java.base/java.util.stream.SortedOps$SizedRefSortingSink.e
nd(SortedOps.java:357)
	at java.base/java.util.stream.AbstractPipeline.copyInto(Abstr
actPipeline.java:510)
	at java.base/java.util.stream.AbstractPipeline.wrapAndCopyInt
o(AbstractPipeline.java:499)
	at java.base/java.util.stream.ForEachOps$ForEachOp.evaluateSe
quential(ForEachOps.java:151)
	at java.base/java.util.stream.ForEachOps$ForEachOp$OfRef.eval
uateSequential(ForEachOps.java:174)
	at java.base/java.util.stream.AbstractPipeline.evaluate(Abstr
actPipeline.java:234)
	at java.base/java.util.stream.ReferencePipeline.forEach(Refer
encePipeline.java:596)
	at org.springframework.boot.SpringApplication.callRunners(Spr
ingApplication.java:774)
	at org.springframework.boot.SpringApplication.run(SpringAppli
cation.java:342)
	at org.springframework.boot.test.context.SpringBootContextLoa
der.lambda$loadContext$3(SpringBootContextLoader.java:137)
	at org.springframework.util.function.ThrowingSupplier.get(Thr
owingSupplier.java:58)
	at org.springframework.util.function.ThrowingSupplier.get(Thr
owingSupplier.java:46)
	at org.springframework.boot.SpringApplication.withHook(Spring
Application.java:1463)
	at org.springframework.boot.test.context.SpringBootContextLoa
der$ContextLoaderHook.run(SpringBootContextLoader.java:553)
	at org.springframework.boot.test.context.SpringBootContextLoa
der.loadContext(SpringBootContextLoader.java:137)
	at org.springframework.boot.test.context.SpringBootContextLoa
der.loadContext(SpringBootContextLoader.java:108)
	at org.springframework.test.context.cache.DefaultCacheAwareCo
ntextLoaderDelegate.loadContextInternal(DefaultCacheAwareConte
xtLoaderDelegate.java:225)
	at org.springframework.test.context.cache.DefaultCacheAwareCo
ntextLoaderDelegate.loadContext(DefaultCacheAwareContextLoader
Delegate.java:152)
	at org.springframework.test.context.support.DefaultTestContex
t.getApplicationContext(DefaultTestContext.java:130)
	at org.springframework.test.context.web.ServletTestExecutionL
istener.setUpRequestContextIfNecessary(ServletTestExecutionLis
tener.java:191)
	at org.springframework.test.context.web.ServletTestExecutionL
istener.prepareTestInstance(ServletTestExecutionListener.java:
130)
	at org.springframework.test.context.TestContextManager.prepar
eTestInstance(TestContextManager.java:260)
	at org.springframework.test.context.junit.jupiter.SpringExten
sion.postProcessTestInstance(SpringExtension.java:163)
	at org.junit.jupiter.engine.descriptor.ClassBasedTestDescript
or.lambda$invokeTestInstancePostProcessors$10(ClassBasedTestDe
scriptor.java:378)
	at org.junit.jupiter.engine.descriptor.ClassBasedTestDescript
or.executeAndMaskThrowable(ClassBasedTestDescriptor.java:383)
	at org.junit.jupiter.engine.descriptor.ClassBasedTestDescript
or.lambda$invokeTestInstancePostProcessors$11(ClassBasedTestDe
scriptor.java:378)
	at java.base/java.util.stream.ReferencePipeline$3$1.accept(Re
ferencePipeline.java:197)
	at java.base/java.util.stream.ReferencePipeline$2$1.accept(Re
ferencePipeline.java:179)
	at java.base/java.util.ArrayList$ArrayListSpliterator.forEach
Remaining(ArrayList.java:1708)
	at java.base/java.util.stream.AbstractPipeline.copyInto(Abstr
actPipeline.java:509)
	at java.base/java.util.stream.AbstractPipeline.wrapAndCopyInt
o(AbstractPipeline.java:499)
	at java.base/java.util.stream.StreamSpliterators$WrappingSpli
terator.forEachRemaining(StreamSpliterators.java:310)
	at java.base/java.util.stream.Streams$ConcatSpliterator.forEa
chRemaining(Streams.java:735)
	at java.base/java.util.stream.Streams$ConcatSpliterator.forEa
chRemaining(Streams.java:734)
	at java.base/java.util.stream.ReferencePipeline$Head.forEach(
ReferencePipeline.java:762)
	at org.junit.jupiter.engine.descriptor.ClassBasedTestDescript
or.invokeTestInstancePostProcessors(ClassBasedTestDescriptor.j
ava:377)
	at org.junit.jupiter.engine.descriptor.ClassBasedTestDescript
or.lambda$instantiateAndPostProcessTestInstance$6(ClassBasedTe
stDescriptor.java:290)
	at org.junit.platform.engine.support.hierarchical.ThrowableCo
llector.execute(ThrowableCollector.java:73)
	at org.junit.jupiter.engine.descriptor.ClassBasedTestDescript
or.instantiateAndPostProcessTestInstance(ClassBasedTestDescrip
tor.java:289)
	at org.junit.jupiter.engine.descriptor.ClassBasedTestDescript
or.lambda$testInstancesProvider$4(ClassBasedTestDescriptor.jav
a:279)
	at java.base/java.util.Optional.orElseGet(Optional.java:364)
	at org.junit.jupiter.engine.descriptor.ClassBasedTestDescript
or.lambda$testInstancesProvider$5(ClassBasedTestDescriptor.jav
a:278)
	at org.junit.jupiter.engine.execution.TestInstancesProvider.g
etTestInstances(TestInstancesProvider.java:31)
	at org.junit.jupiter.engine.descriptor.TestMethodTestDescript
or.lambda$prepare$0(TestMethodTestDescriptor.java:106)
	at org.junit.platform.engine.support.hierarchical.ThrowableCo
llector.execute(ThrowableCollector.java:73)
	at org.junit.jupiter.engine.descriptor.TestMethodTestDescript
or.prepare(TestMethodTestDescriptor.java:105)
	at org.junit.jupiter.engine.descriptor.TestMethodTestDescript
or.prepare(TestMethodTestDescriptor.java:69)
	at org.junit.platform.engine.support.hierarchical.NodeTestTas
k.lambda$prepare$2(NodeTestTask.java:123)
	at org.junit.platform.engine.support.hierarchical.ThrowableCo
llector.execute(ThrowableCollector.java:73)
	at org.junit.platform.engine.support.hierarchical.NodeTestTas
k.prepare(NodeTestTask.java:123)
	at org.junit.platform.engine.support.hierarchical.NodeTestTas
k.execute(NodeTestTask.java:90)
	at java.base/java.util.ArrayList.forEach(ArrayList.java:1596)
	at org.junit.platform.engine.support.hierarchical.SameThreadH
ierarchicalTestExecutorService.invokeAll(SameThreadHierarchica
lTestExecutorService.java:41)
	at org.junit.platform.engine.support.hierarchical.NodeTestTas
k.lambda$executeRecursively$6(NodeTestTask.java:155)
	at org.junit.platform.engine.support.hierarchical.ThrowableCo
llector.execute(ThrowableCollector.java:73)
	at org.junit.platform.engine.support.hierarchical.NodeTestTas
k.lambda$executeRecursively$8(NodeTestTask.java:141)
	at org.junit.platform.engine.support.hierarchical.Node.around
(Node.java:137)
	at org.junit.platform.engine.support.hierarchical.NodeTestTas
k.lambda$executeRecursively$9(NodeTestTask.java:139)
	at org.junit.platform.engine.support.hierarchical.ThrowableCo
llector.execute(ThrowableCollector.java:73)
	at org.junit.platform.engine.support.hierarchical.NodeTestTas
k.executeRecursively(NodeTestTask.java:138)
	at org.junit.platform.engine.support.hierarchical.NodeTestTas
k.execute(NodeTestTask.java:95)
	at java.base/java.util.ArrayList.forEach(ArrayList.java:1596)
	at org.junit.platform.engine.support.hierarchical.SameThreadH
ierarchicalTestExecutorService.invokeAll(SameThreadHierarchica
lTestExecutorService.java:41)
	at org.junit.platform.engine.support.hierarchical.NodeTestTas
k.lambda$executeRecursively$6(NodeTestTask.java:155)
	at org.junit.platform.engine.support.hierarchical.ThrowableCo
llector.execute(ThrowableCollector.java:73)
	at org.junit.platform.engine.support.hierarchical.NodeTestTas
k.lambda$executeRecursively$8(NodeTestTask.java:141)
	at org.junit.platform.engine.support.hierarchical.Node.around
(Node.java:137)
	at org.junit.platform.engine.support.hierarchical.NodeTestTas
k.lambda$executeRecursively$9(NodeTestTask.java:139)
	at org.junit.platform.engine.support.hierarchical.ThrowableCo
llector.execute(ThrowableCollector.java:73)
	at org.junit.platform.engine.support.hierarchical.NodeTestTas
k.executeRecursively(NodeTestTask.java:138)
	at org.junit.platform.engine.support.hierarchical.NodeTestTas
k.execute(NodeTestTask.java:95)
	at org.junit.platform.engine.support.hierarchical.SameThreadH
ierarchicalTestExecutorService.submit(SameThreadHierarchicalTe
stExecutorService.java:35)
	at org.junit.platform.engine.support.hierarchical.Hierarchica
lTestExecutor.execute(HierarchicalTestExecutor.java:57)
	at org.junit.platform.engine.support.hierarchical.Hierarchica
lTestEngine.execute(HierarchicalTestEngine.java:54)
	at org.junit.platform.launcher.core.EngineExecutionOrchestrat
or.execute(EngineExecutionOrchestrator.java:198)
	at org.junit.platform.launcher.core.EngineExecutionOrchestrat
or.execute(EngineExecutionOrchestrator.java:169)
	at org.junit.platform.launcher.core.EngineExecutionOrchestrat
or.execute(EngineExecutionOrchestrator.java:93)
	at org.junit.platform.launcher.core.EngineExecutionOrchestrat
or.lambda$execute$0(EngineExecutionOrchestrator.java:58)
	at org.junit.platform.launcher.core.EngineExecutionOrchestrat
or.withInterceptedStreams(EngineExecutionOrchestrator.java:141
)
	at org.junit.platform.launcher.core.EngineExecutionOrchestrat
or.execute(EngineExecutionOrchestrator.java:57)
	at org.junit.platform.launcher.core.DefaultLauncher.execute(D
efaultLauncher.java:103)
	at org.junit.platform.launcher.core.DefaultLauncher.execute(D
efaultLauncher.java:85)
	at org.junit.platform.launcher.core.DelegatingLauncher.execut
e(DelegatingLauncher.java:47)
	at org.apache.maven.surefire.junitplatform.LazyLauncher.execu
te(LazyLauncher.java:56)
	at org.apache.maven.surefire.junitplatform.JUnitPlatformProvi
der.execute(JUnitPlatformProvider.java:184)
	at org.apache.maven.surefire.junitplatform.JUnitPlatformProvi
der.invokeAllTests(JUnitPlatformProvider.java:148)
	at org.apache.maven.surefire.junitplatform.JUnitPlatformProvi
der.invoke(JUnitPlatformProvider.java:122)
	at org.apache.maven.surefire.booter.ForkedBooter.runSuitesInP
rocess(ForkedBooter.java:385)
	at org.apache.maven.surefire.booter.ForkedBooter.execute(Fork
edBooter.java:162)
	at org.apache.maven.surefire.booter.ForkedBooter.run(ForkedBo
oter.java:507)
	at org.apache.maven.surefire.booter.ForkedBooter.main(ForkedB
ooter.java:495)
        s1_0.id,
        s1_0.active,
        s1_0.created_at,
        s1_0.description,
        s1_0.modified_at,
        s1_0.title,
        p1_0.title 
    from
        tb_processes p1_0 
    join
        tb_students pc1_0 
            on pc1_0.id=p1_0.interested_student_id 
    left join
        tb_courses cc1_0 
            on cc1_0.id=pc1_0.current_course 
    left join
        tb_professors cc2_0 
            on cc2_0.id=cc1_0.tb_course_coordinator 
    left join
        tb_collegiate rc1_0 
            on pc1_0.id=rc1_0.collegiate_rep_student_id 
    left join
        tb_professors pr1_0 
            on pr1_0.id=p1_0.professor_rapporteur_id 
    left join
        tb_courses ca1_0 
            on pr1_0.id=ca1_0.tb_course_coordinator 
    join
        tb_subjects s1_0 
            on s1_0.id=p1_0.process_subject_id 
    where
        p1_0.id=?
2026-02-03T23:35:24.188-03:00 ERROR 5960 --- [veritas] [           main] br.edu.ifpb.veritas.configs.DataSeeder   : ? Erro ao popular votos dos relatores: Relator jß registrou sua decisÒo para este processo.
2026-02-03T23:35:24.212-03:00  INFO 5960 --- [veritas] [           main] br.edu.ifpb.veritas.configs.DataSeeder   : Populando reuni§es...
Hibernate: 
    select
        m1_0.id,
        m1_0.is_active,
        m1_0.collegiate_id,
        m1_0.created_at,
        m1_0.meeting_document,
        m1_0.scheduled_date,
        m1_0.status 
    from
        tb_meetings m1_0
Hibernate: 
    select
        c1_0.id,
        c1_0.closed_at,
        c1_0.created_at,
        c1_0.description,
        rs1_0.id,
        cc1_0.id,
        cc1_0.tb_courses_active,
        cc2_0.id,
        cc2_0.is_coordinator,
        cc2_0.is_active,
        cc2_0.login,
        cc2_0.name,
        cc2_0.password,
        cc2_0.phone_number,
        cc2_0.register,
        cc1_0.tb_courses_description,
        cc1_0.tb_courses_title,
        rs1_0.is_active,
        rs1_0.login,
        rs1_0.name,
        rs1_0.password,
        rs1_0.phone_number,
        rs1_0.register 
    from
        tb_collegiate c1_0 
    left join
        tb_students rs1_0 
            on rs1_0.id=c1_0.collegiate_rep_student_id 
    left join
        tb_courses cc1_0 
            on cc1_0.id=rs1_0.current_course 
    left join
        tb_professors cc2_0 
            on cc2_0.id=cc1_0.tb_course_coordinator 
    where
        c1_0.id=?
2026-02-03T23:35:24.230-03:00  INFO 5960 --- [veritas] [           main] br.edu.ifpb.veritas.configs.DataSeeder   : ? Reuni§es jß existem no banco. Pulando...
2026-02-03T23:35:24.231-03:00  INFO 5960 --- [veritas] [           main] br.edu.ifpb.veritas.configs.DataSeeder   : ====== BANCO DE DADOS POPULADO COM SUCESSO ======
WARNING: A Java agent has been loaded dynamically (C:\Users\Le
idiana\.m2\repository\net\bytebuddy\byte-buddy-agent\1.14.16\b
yte-buddy-agent-1.14.16.jar)
WARNING: If a serviceability tool is in use, please run with 
-XX:+EnableDynamicAgentLoading to hide this warning
WARNING: If a serviceability tool is not in use, please run 
with -Djdk.instrument.traceUsage for more information
WARNING: Dynamic loading of agents will be disallowed by 
default in a future release
Java HotSpot(TM) 64-Bit Server VM warning: Sharing is only 
supported for boot loader classes because bootstrap classpath 
has been appended
[INFO] Tests run: 1, Failures: 0, Errors: 0, Skipped: 0, Time elapsed: 40.73 s -- in br.edu.ifpb.veritas.VeritasApplicationTests
2026-02-03T23:35:26.499-03:00  INFO 5960 --- [veritas] [ionShutdownHook] j.LocalContainerEntityManagerFactoryBean : Closing JPA EntityManagerFactory for persistence unit 'default'
2026-02-03T23:35:26.512-03:00  INFO 5960 --- [veritas] [ionShutdownHook] com.zaxxer.hikari.HikariDataSource       : HikariPool-1 - Shutdown initiated...
[INFO] 
[INFO] Results:
[INFO] 
[INFO] Tests run: 1, Failures: 0, Errors: 0, Skipped: 0
[INFO] 
[INFO] ------------------------------------------------------------------------
[INFO] BUILD SUCCESS
[INFO] ------------------------------------------------------------------------
[INFO] Total time:  57.422 s
[INFO] Finished at: 2026-02-03T23:35:26-03:00
[INFO] ------------------------------------------------------------------------
